PUBLIC
CLASS
ID(Comment)
LBRACE
PUBLIC
STATIC
VOID
MAIN
LPAREN
STRING
LBRACKET
RBRACKET
ID(args)
RPAREN
LBRACE
INT
ID(x)
BECOMES
INT(1)
SEMICOLON
RBRACE
RBRACE
