CLASS
ID(Trash)
LBRACE
THIS
CLASS
ID(is)
ID(garbage)
ID(Lets)
ID(see)
ID(what)
ID(the)
ID(does)
RBRACE
