instead expected token classes are [WHILE, LBRACE, IDENTIFIER]
