Program
	MainClass Main (line 1)
		Print (line 3)
			1
